#-----------------------------------------------------------
# Vivado v2020.1 (64-bit)
# SW Build 2902540 on Wed May 27 19:54:49 MDT 2020
# IP Build 2902112 on Wed May 27 22:43:36 MDT 2020
# Start of session at: Tue Oct 20 15:07:49 2020
# Process ID: 7364
# Current directory: C:/Users/kyrar/OneDrive/Documents/GitHub/DL202030_KyraRose/Lab05/Lab05_project
# Command line: vivado.exe -gui_launcher_event rodinguilauncherevent15680 C:\Users\kyrar\OneDrive\Documents\GitHub\DL202030_KyraRose\Lab05\Lab05_project\Lab05_project.xpr
# Log file: C:/Users/kyrar/OneDrive/Documents/GitHub/DL202030_KyraRose/Lab05/Lab05_project/vivado.log
# Journal file: C:/Users/kyrar/OneDrive/Documents/GitHub/DL202030_KyraRose/Lab05/Lab05_project\vivado.jou
#-----------------------------------------------------------
start_gui
open_project C:/Users/kyrar/OneDrive/Documents/GitHub/DL202030_KyraRose/Lab05/Lab05_project/Lab05_project.xpr
# Disabling source management mode.  This is to allow the top design properties to be set without GUI intervention.
set_property source_mgmt_mode None [current_project]
set_property top addsub_test [get_filesets sim_1]
set_property top_lib xil_defaultlib [get_filesets sim_1]
# Re-enabling previously disabled source management mode.
set_property source_mgmt_mode DisplayOnly [current_project]
launch_simulation
source addsub_test.tcl
restart
run all
restart
run all
run 10 ns
run 10 ns
run 10 ns
close_sim
launch_simulation
source addsub_test.tcl
restart
run all
close_sim
launch_simulation
source addsub_test.tcl
close_sim
